<?xml version="1.0" encoding="utf-8"?><testsuites><testsuite errors="0" failures="0" hostname="CI00008926" name="pytest" skipped="0" tests="3" time="10.899" timestamp="2020-05-14T11:12:10.014857"><testcase classname="Tests.test_1" file="Tests\test_1.py" line="14" name="test_open" time="0.011"></testcase><testcase classname="Tests.test_1" file="Tests\test_1.py" line="22" name="test_update_check" time="10.468"></testcase><testcase classname="Tests.test_1" file="Tests\test_1.py" line="32" name="test_close" time="0.293"></testcase></testsuite></testsuites>